// Jest Snapshot v1, https://goo.gl/fbAQLP

exports[`Components the ExpenseList component should render expenseList with expenses 1`] = `
<div>
  <ExpenseListItem
    amount={3}
    createdAt={0}
    description="Gum"
    id="1"
    key="1"
    note=""
  />
  <ExpenseListItem
    amount={2}
    createdAt={-345600000}
    description="Rent"
    id="2"
    key="2"
    note=""
  />
  <ExpenseListItem
    amount={1}
    createdAt={345600000}
    description="Credit"
    id="3"
    key="3"
    note=""
  />
</div>
`;

exports[`Components the ExpenseList component should render expenseList with no expenses 1`] = `
<div>
  <p>
    No expenses
  </p>
</div>
`;
